// Jest Snapshot v1, https://goo.gl/fbAQLP

exports[`DropdownBodyFilter component match snapshot 1`] = `
"<div className=\\"dropdownBodyFilter-wrapper\\">
  <input className=\\"dropdownBodyFilter-input\\" value=\\"some filter\\" onChange={[Function: handleFilterChange]} onKeyPress={[Function: handleFilterKeyPress]} onBlur={[undefined]} />
</div>"
`;
