// Jest Snapshot v1, https://goo.gl/fbAQLP

exports[`DropdownRoot component match snapshot 1`] = `
"<DropdownRoot options={{...}} onSelect={[Function: mockConstructor]} classes={{...}} label=\\"some-label\\" placeholder=\\"some-placeholder\\" rows={5}>
  <div className=\\"dropdownRoot-root\\">
    <JssContextSubscriber opened={false} label=\\"some-label\\" placeholder=\\"some-placeholder\\" onClick={[Function: onClick]} selectedItem={{...}}>
      <WithStyles(DropdownHead) innerRef={{...}} opened={false} label=\\"some-label\\" placeholder=\\"some-placeholder\\" onClick={[Function: onClick]} selectedItem={{...}} jssContext={{...}} theme={{...}}>
        <DropdownHead opened={false} label=\\"some-label\\" placeholder=\\"some-placeholder\\" onClick={[Function: onClick]} selectedItem={{...}} classes={{...}}>
          <div className=\\"DropdownHead-wrapper-0-2-1\\" onClick={[Function: onClick]}>
            <div className=\\"DropdownHead-label-0-2-2\\">
              some-label
            </div>
            <div className=\\"DropdownHead-content-0-2-3\\">
              some-placeholder
            </div>
            <div className=\\"DropdownHead-caret-0-2-4\\">
              <svg width=\\"12px\\" height=\\"8px\\" viewBox=\\"0 0 12 8\\">
                <polygon fill=\\"#617E8D\\" points=\\"1.41 0 6 4.59 10.59 0 12 1.42 6 7.42 0 1.42\\" />
              </svg>
            </div>
          </div>
        </DropdownHead>
      </WithStyles(DropdownHead)>
    </JssContextSubscriber>
    <JssContextSubscriber opened={false} selected={[undefined]} options={{...}} rows={5} onSelect={[Function: mockConstructor]} onClose={[Function: onClose]}>
      <WithStyles(DropdownBody) innerRef={{...}} opened={false} selected={[undefined]} options={{...}} rows={5} onSelect={[Function: mockConstructor]} onClose={[Function: onClose]} jssContext={{...}} theme={{...}}>
        <DropdownBody opened={false} selected={[undefined]} options={{...}} rows={5} onSelect={[Function: mockConstructor]} onClose={[Function: onClose]} classes={{...}} />
      </WithStyles(DropdownBody)>
    </JssContextSubscriber>
  </div>
</DropdownRoot>"
`;
