// Jest Snapshot v1, https://goo.gl/fbAQLP

exports[`DropdownHead component match snapshot 1`] = `
"<div className=\\"dropdownHead-wrapper\\" onMouseDown={[Function: handleMouseDown]}>
  <div className=\\"dropdownHead-label\\">
    Test label
  </div>
  <div className=\\"dropdownHead-content\\">
    value1
  </div>
  <div className=\\"dropdownHead-caret dropdownHead-caretReverted\\">
    <svg width=\\"12px\\" height=\\"8px\\" viewBox=\\"0 0 12 8\\">
      <polygon fill=\\"#617E8D\\" points=\\"1.41 0 6 4.59 10.59 0 12 1.42 6 7.42 0 1.42\\" />
    </svg>
  </div>
</div>"
`;
